Turbo Assembler	 Version 4.1	    15/02/26 16:06:39	    Page 1
video.asm



      1	0000			     .model tiny
      2	0000			     .code
      3				     org 100h
      4	      =B800		     VIDEOSEG equ 0B800h
      5
      6	0100  B8 B800		     Start:    mov ax, VIDEOSEG
      7	0103  8E C0				       mov es, ax
      8	0105  A0 0082				       mov al, ds:[82h]
      9	0108  B4 CE				       mov ah, 0CEh
     10	010A  BB 0000				       mov bx, 0h
     11	010D  26: 89 07				       mov es :[bx], ax
     12	0110  B8 4C00				       mov ax, 4c00h
     13	0113  CD 21				       int 21h
     14				     end Start
Turbo Assembler	 Version 4.1	    15/02/26 16:06:39	    Page 2
Symbol Table




Symbol Name			  Type	 Value

??DATE				  Text	 "15/02/26"
??FILENAME			  Text	 "video	  "
??TIME				  Text	 "16:06:39"
??VERSION			  Number 040A
@32BIT				  Text	 0
@CODE				  Text	 DGROUP
@CODESIZE			  Text	 0
@CPU				  Text	 0101H
@CURSEG				  Text	 _TEXT
@DATA				  Text	 DGROUP
@DATASIZE			  Text	 0
@FILENAME			  Text	 VIDEO
@INTERFACE			  Text	 000H
@MODEL				  Text	 1
@STACK				  Text	 DGROUP
@WORDSIZE			  Text	 2
START				  Near	 DGROUP:0100
VIDEOSEG			  Number B800

Groups & Segments		  Bit Size Align  Combine Class

DGROUP				  Group
  _DATA				  16  0000 Word	  Public  DATA
  _TEXT				  16  0115 Word	  Public  CODE
