Turbo Assembler	 Version 4.1	    16/02/26 16:46:44	    Page 1
video.asm



      1	0000			     .model tiny
      2	0000			     .code
      3				     org 100h
      4	      =B800		     VIDEOSEG equ 0B800h
      5
      6	0100			     Start:
      7	0100  E8 0015			 call F		      ;	Вызываем подпрограмму
      8	0103  B8 B800			 mov ax, VIDEOSEG
      9	0106  8E C0			 mov es, ax
     10	0108  A0 0083			 mov al, ds:[83h]     ;	Берем второй	символ аргумента
     11	010B  B4 CE			 mov ah, 0CEh	      ;	Атрибут (красный фон, желтый текст)
     12	010D  BB 0052			 mov bx, 52h	       ; Смещение 2 (второе знакоместо)
     13	0110  26: 89 07			 mov es:[bx], ax
     14
     15	0113  B8 4C00			 mov ax, 4c00h	      ;	Корректное завершение программы
     16	0116  CD 21			 int 21h
     17
     18	0118			     F proc		      ;	Оформим как процедуру
     19	0118  B8 B800			 mov ax, VIDEOSEG
     20	011B  8E C0			 mov es, ax
     21	011D  A0 0082			 mov al, ds:[82h]     ;	Берем первый	символ аргумента
     22	0120  B4 CE			 mov ah, 0CEh
     23	0122  BB 0050			 mov bx, 50h	       ; Смещение 0 (первое знакоместо)
     24	0125  26: 89 07			 mov es:[bx], ax
     25	0128  C3			 ret		      ;	ОБЯЗАТЕЛЬНО:	возврат в Start
     26	0129			     F endp
     27
     28				     end Start
Turbo Assembler	 Version 4.1	    16/02/26 16:46:44	    Page 2
Symbol Table




Symbol Name			  Type	 Value

??DATE				  Text	 "16/02/26"
??FILENAME			  Text	 "video	  "
??TIME				  Text	 "16:46:44"
??VERSION			  Number 040A
@32BIT				  Text	 0
@CODE				  Text	 DGROUP
@CODESIZE			  Text	 0
@CPU				  Text	 0101H
@CURSEG				  Text	 _TEXT
@DATA				  Text	 DGROUP
@DATASIZE			  Text	 0
@FILENAME			  Text	 VIDEO
@INTERFACE			  Text	 000H
@MODEL				  Text	 1
@STACK				  Text	 DGROUP
@WORDSIZE			  Text	 2
F				  Near	 DGROUP:0118
START				  Near	 DGROUP:0100
VIDEOSEG			  Number B800

Groups & Segments		  Bit Size Align  Combine Class

DGROUP				  Group
  _DATA				  16  0000 Word	  Public  DATA
  _TEXT				  16  0129 Word	  Public  CODE
